Server started
User looged in
ERROR: disk full
Server started
User looged in
ERROR: disk full
Server started
User looged in
ERROR: disk full
Server started
User looged in
ERROR: disk full
Server started
User looged in
ERROR: disk full
Server started
User looged in
ERROR: disk full
Server started
User looged in
ERROR: disk full
[2026-06-11 19:08:57.533879] Server started
[2026-06-11 19:08:57.536244] ERROR: disk full
[2026-06-11 19:09:12.197184] Server started
[2026-06-11 19:09:12.198181] ERROR: disk full
[2026-06-11 19:09:17.340943] Server started
[2026-06-11 19:09:17.342118] ERROR: disk full
[2026-06-11 19:10:09.901748] Server started
[2026-06-11 19:10:09.902854] ERROR: disk full
